Copyright 1986-2018 Xilinx, Inc. All Rights Reserved.
---------------------------------------------------------------------------------------------------
| Tool Version : Vivado v.2018.1 (win64) Build 2188600 Wed Apr  4 18:40:38 MDT 2018
| Date         : Thu Mar 28 00:12:35 2019
| Host         : Jason-Antec running 64-bit Service Pack 1  (build 7601)
| Command      : report_control_sets -verbose -file bluetooth_demo_wrapper_control_sets_placed.rpt
| Design       : bluetooth_demo_wrapper
| Device       : xc7a100t
---------------------------------------------------------------------------------------------------

Control Set Information

Table of Contents
-----------------
1. Summary
2. Histogram
3. Flip-Flop Distribution
4. Detailed Control Set Information

1. Summary
----------

+----------------------------------------------------------+-------+
|                          Status                          | Count |
+----------------------------------------------------------+-------+
| Number of unique control sets                            |   157 |
| Unused register locations in slices containing registers |   349 |
+----------------------------------------------------------+-------+


2. Histogram
------------

+--------+--------------+
| Fanout | Control Sets |
+--------+--------------+
|      1 |            9 |
|      2 |            2 |
|      3 |            2 |
|      4 |           21 |
|      5 |           10 |
|      6 |            8 |
|      7 |            2 |
|      8 |           37 |
|     10 |            3 |
|     11 |            1 |
|     13 |            1 |
|     14 |            3 |
|     15 |            1 |
|    16+ |           57 |
+--------+--------------+


3. Flip-Flop Distribution
-------------------------

+--------------+-----------------------+------------------------+-----------------+--------------+
| Clock Enable | Synchronous Set/Reset | Asynchronous Set/Reset | Total Registers | Total Slices |
+--------------+-----------------------+------------------------+-----------------+--------------+
| No           | No                    | No                     |             307 |          110 |
| No           | No                    | Yes                    |              29 |            9 |
| No           | Yes                   | No                     |             513 |          210 |
| Yes          | No                    | No                     |             485 |          143 |
| Yes          | No                    | Yes                    |              15 |            8 |
| Yes          | Yes                   | No                     |            1606 |          477 |
+--------------+-----------------------+------------------------+-----------------+--------------+


4. Detailed Control Set Information
-----------------------------------

+-------------------------------------------------------------------------+------------------------------------------------------------------------------------------------------------------------------------------------------------------------------------------------------------------+-------------------------------------------------------------------------------------------------------------------------------------------------------------+------------------+----------------+
|                               Clock Signal                              |                                                                                                   Enable Signal                                                                                                  |                                                                       Set/Reset Signal                                                                      | Slice Load Count | Bel Load Count |
+-------------------------------------------------------------------------+------------------------------------------------------------------------------------------------------------------------------------------------------------------------------------------------------------------+-------------------------------------------------------------------------------------------------------------------------------------------------------------+------------------+----------------+
|  bluetooth_demo_i/mdm_1/U0/Use_E2.BSCAN_I/Ext_JTAG_UPDATE               | bluetooth_demo_i/microblaze_0/U0/MicroBlaze_Core_I/Performance.Core/Use_Debug_Logic.Master_Core.Debug_Perf/Control_Reg_En                                                                                        | bluetooth_demo_i/microblaze_0/U0/MicroBlaze_Core_I/Performance.Core/Use_Debug_Logic.Master_Core.Debug_Perf/Performance_Debug_Control.force_stop_cmd_1_reg_0 |                1 |              1 |
|  bluetooth_demo_i/clk_wiz_1/inst/clk_out1                               | bluetooth_demo_i/microblaze_0/U0/MicroBlaze_Core_I/Performance.Core/Decode_I/Use_MuxCy[2].OF_Piperun_Stage/MUXCY_I/lopt_1                                                                                        |                                                                                                                                                             |                1 |              1 |
| ~bluetooth_demo_i/mdm_1/U0/No_Dbg_Reg_Access.BUFG_DRCK/Dbg_Clk_31       | bluetooth_demo_i/mdm_1/U0/MDM_Core_I1/JTAG_CONTROL_I/Use_BSCAN.FDC_I/CE                                                                                                                                          | bluetooth_demo_i/mdm_1/U0/MDM_Core_I1/JTAG_CONTROL_I/Use_BSCAN.FDC_I/D_1                                                                                    |                1 |              1 |
|  bluetooth_demo_i/clk_wiz_1/inst/clk_out1                               |                                                                                                                                                                                                                  | bluetooth_demo_i/microblaze_0/U0/MicroBlaze_Core_I/Performance.Core/Use_Debug_Logic.Master_Core.Debug_Perf/capture_1                                        |                1 |              1 |
|  bluetooth_demo_i/mdm_1/U0/Use_E2.BSCAN_I/Ext_JTAG_UPDATE               | bluetooth_demo_i/microblaze_0/U0/MicroBlaze_Core_I/Performance.Core/Use_Debug_Logic.Master_Core.Debug_Perf/Control_Reg_En                                                                                        | bluetooth_demo_i/microblaze_0/U0/MicroBlaze_Core_I/Performance.Core/Use_Debug_Logic.Master_Core.Debug_Perf/Serial_Dbg_Intf.continue_from_brk_reg_n_0        |                1 |              1 |
|  bluetooth_demo_i/mdm_1/U0/Use_E2.BSCAN_I/Ext_JTAG_UPDATE               | bluetooth_demo_i/microblaze_0/U0/MicroBlaze_Core_I/Performance.Core/Use_Debug_Logic.Master_Core.Debug_Perf/Control_Reg_En                                                                                        | bluetooth_demo_i/microblaze_0/U0/MicroBlaze_Core_I/Performance.Core/Use_Debug_Logic.Master_Core.Debug_Perf/Serial_Dbg_Intf.normal_stop_cmd_i_reg_n_0        |                1 |              1 |
|  bluetooth_demo_i/mdm_1/U0/Use_E2.BSCAN_I/Ext_JTAG_UPDATE               | bluetooth_demo_i/microblaze_0/U0/MicroBlaze_Core_I/Performance.Core/Use_Debug_Logic.Master_Core.Debug_Perf/Control_Reg_En                                                                                        | bluetooth_demo_i/microblaze_0/U0/MicroBlaze_Core_I/Performance.Core/Use_Debug_Logic.Master_Core.Debug_Perf/start_single_step_reg_n_0                        |                1 |              1 |
| ~bluetooth_demo_i/mdm_1/U0/Use_E2.BSCAN_I/Ext_JTAG_UPDATE               |                                                                                                                                                                                                                  | bluetooth_demo_i/mdm_1/U0/MDM_Core_I1/JTAG_CONTROL_I/sel_n                                                                                                  |                1 |              1 |
|  bluetooth_demo_i/mdm_1/U0/No_Dbg_Reg_Access.BUFG_DRCK/Dbg_Clk_31       | bluetooth_demo_i/mdm_1/U0/Use_E2.BSCAN_I/Dbg_Capture_0                                                                                                                                                           | bluetooth_demo_i/mdm_1/U0/MDM_Core_I1/JTAG_CONTROL_I/sel_reset                                                                                              |                1 |              1 |
|  bluetooth_demo_i/mdm_1/U0/Use_E2.BSCAN_I/Ext_JTAG_UPDATE               | bluetooth_demo_i/microblaze_0/U0/MicroBlaze_Core_I/Performance.Core/Use_Debug_Logic.Master_Core.Debug_Perf/Command_Reg_En                                                                                        | bluetooth_demo_i/microblaze_0/U0/MicroBlaze_Core_I/Performance.Core/Use_Debug_Logic.Master_Core.Debug_Perf/command_reg_clear                                |                1 |              2 |
|  bluetooth_demo_i/clk_wiz_1/inst/clk_out1                               | bluetooth_demo_i/microblaze_0/U0/MicroBlaze_Core_I/Performance.Core/Decode_I/Use_MuxCy[10].OF_Piperun_Stage/MUXCY_I/lopt_1                                                                                       |                                                                                                                                                             |                1 |              2 |
|  bluetooth_demo_i/mdm_1/U0/Use_E2.BSCAN_I/Ext_JTAG_UPDATE               |                                                                                                                                                                                                                  |                                                                                                                                                             |                2 |              3 |
|  bluetooth_demo_i/hex_display_controll_0/inst/uclk_divider/count_reg[0] |                                                                                                                                                                                                                  |                                                                                                                                                             |                2 |              3 |
|  bluetooth_demo_i/mdm_1/U0/Use_E2.BSCAN_I/Ext_JTAG_UPDATE               | bluetooth_demo_i/mdm_1/U0/MDM_Core_I1/MDM_SEL                                                                                                                                                                    | bluetooth_demo_i/mdm_1/U0/Use_E2.BSCAN_I/AR[0]                                                                                                              |                1 |              4 |
|  bluetooth_demo_i/clk_wiz_1/inst/clk_out1                               |                                                                                                                                                                                                                  | bluetooth_demo_i/microblaze_0_axi_intc/U0/AXI_LITE_IPIF_I/I_SLAVE_ATTACHMENT/clear                                                                          |                1 |              4 |
|  bluetooth_demo_i/clk_wiz_1/inst/clk_out1                               | bluetooth_demo_i/sensor_fusion_axi_0/inst/sensor_fusion_inst/ugyro_wrapper0/ugyro_interface/gyro_spi_master/STATE                                                                                                | BTNC_IBUF                                                                                                                                                   |                1 |              4 |
| ~bluetooth_demo_i/mdm_1/U0/Use_E2.BSCAN_I/Ext_JTAG_UPDATE               |                                                                                                                                                                                                                  | bluetooth_demo_i/mdm_1/U0/Use_E2.BSCAN_I/AR[0]                                                                                                              |                2 |              4 |
|  bluetooth_demo_i/clk_wiz_1/inst/clk_out1                               | bluetooth_demo_i/sensor_fusion_axi_0/inst/sensor_fusion_inst/uacl_wrapper/uacl_interface/C1/rx_count[3]_i_1_n_0                                                                                                  |                                                                                                                                                             |                2 |              4 |
|  bluetooth_demo_i/clk_wiz_1/inst/clk_out1                               | bluetooth_demo_i/sensor_fusion_axi_0/inst/sensor_fusion_inst/uacl_wrapper/atan0/FSM_onehot_STATE[3]_i_1__1_n_0                                                                                                   | BTNC_IBUF                                                                                                                                                   |                1 |              4 |
|  bluetooth_demo_i/clk_wiz_1/inst/clk_out1                               | bluetooth_demo_i/axi_uartlite_0/U0/AXI_LITE_IPIF_I/I_SLAVE_ATTACHMENT/start2                                                                                                                                     | bluetooth_demo_i/axi_uartlite_0/U0/AXI_LITE_IPIF_I/I_SLAVE_ATTACHMENT/I_DECODER/cs_ce_clr                                                                   |                1 |              4 |
|  bluetooth_demo_i/clk_wiz_1/inst/clk_out1                               | bluetooth_demo_i/sensor_fusion_axi_0/inst/sensor_fusion_inst/ugyro_wrapper0/ugyro_interface/gyro_spi_interface/rx_count[3]_i_1__0_n_0                                                                            |                                                                                                                                                             |                1 |              4 |
|  bluetooth_demo_i/clk_wiz_1/inst/clk_out1                               | bluetooth_demo_i/sensor_fusion_axi_0/inst/sensor_fusion_inst/uacl_wrapper/atan1/FSM_onehot_STATE[3]_i_1__2_n_0                                                                                                   | BTNC_IBUF                                                                                                                                                   |                2 |              4 |
|  bluetooth_demo_i/clk_wiz_1/inst/clk_out1                               | bluetooth_demo_i/axi_uartlite_0/U0/UARTLITE_CORE_I/BAUD_RATE_I/en_16x_Baud                                                                                                                                       |                                                                                                                                                             |                4 |              4 |
|  bluetooth_demo_i/mdm_1/U0/No_Dbg_Reg_Access.BUFG_DRCK/Dbg_Clk_31       | bluetooth_demo_i/mdm_1/U0/MDM_Core_I1/p_0_out                                                                                                                                                                    | bluetooth_demo_i/mdm_1/U0/Use_E2.BSCAN_I/AR[0]                                                                                                              |                1 |              4 |
|  bluetooth_demo_i/clk_wiz_1/inst/clk_out1                               | bluetooth_demo_i/sensor_fusion_axi_0/inst/sensor_fusion_inst/uacl_wrapper/sqrt1/FSM_onehot_STATE[3]_i_1__0_n_0                                                                                                   | BTNC_IBUF                                                                                                                                                   |                1 |              4 |
|  bluetooth_demo_i/clk_wiz_1/inst/clk_out1                               | bluetooth_demo_i/bt_uart/U0/UARTLITE_CORE_I/BAUD_RATE_I/en_16x_Baud                                                                                                                                              |                                                                                                                                                             |                4 |              4 |
|  bluetooth_demo_i/clk_wiz_1/inst/clk_out1                               | bluetooth_demo_i/sensor_fusion_axi_0/inst/sensor_fusion_inst/uacl_wrapper/uacl_interface/C0/transfer_count[3]_i_1_n_0                                                                                            | BTNC_IBUF                                                                                                                                                   |                1 |              4 |
|  bluetooth_demo_i/clk_wiz_1/inst/clk_out1                               | bluetooth_demo_i/sensor_fusion_axi_0/inst/sensor_fusion_inst/ugyro_wrapper1/ugyro_interface/gyro_spi_interface/rx_count[3]_i_1__1_n_0                                                                            |                                                                                                                                                             |                2 |              4 |
|  bluetooth_demo_i/clk_wiz_1/inst/clk_out1                               | bluetooth_demo_i/bt_uart/U0/AXI_LITE_IPIF_I/I_SLAVE_ATTACHMENT/start2                                                                                                                                            | bluetooth_demo_i/bt_uart/U0/AXI_LITE_IPIF_I/I_SLAVE_ATTACHMENT/I_DECODER/cs_ce_clr                                                                          |                1 |              4 |
|  bluetooth_demo_i/clk_wiz_1/inst/clk_out1                               | bluetooth_demo_i/sensor_fusion_axi_0/inst/sensor_fusion_inst/uacl_wrapper/uacl_interface/C0/STATE                                                                                                                | BTNC_IBUF                                                                                                                                                   |                2 |              4 |
|  bluetooth_demo_i/clk_wiz_1/inst/clk_out1                               | bluetooth_demo_i/sensor_fusion_axi_0/inst/sensor_fusion_inst/uacl_wrapper/sqrt0/FSM_onehot_STATE[3]_i_1_n_0                                                                                                      | BTNC_IBUF                                                                                                                                                   |                1 |              4 |
|  bluetooth_demo_i/clk_wiz_1/inst/clk_out1                               |                                                                                                                                                                                                                  | bluetooth_demo_i/sensor_fusion_axi_0/inst/sensor_fusion_axi_v1_0_S_AXI_INTR_inst/gen_intr_reg[0].reg_intr_sts[0]_i_1_n_0                                    |                2 |              4 |
|  bluetooth_demo_i/clk_wiz_1/inst/clk_out1                               |                                                                                                                                                                                                                  | bluetooth_demo_i/microblaze_0/U0/MicroBlaze_Core_I/Performance.Core/Decode_I/flush_pipe                                                                     |                3 |              4 |
|  bluetooth_demo_i/clk_wiz_1/inst/clk_out1                               | bluetooth_demo_i/sensor_fusion_axi_0/inst/sensor_fusion_inst/ugyro_wrapper1/ugyro_interface/gyro_spi_master/STATE                                                                                                | BTNC_IBUF                                                                                                                                                   |                1 |              4 |
|  bluetooth_demo_i/mdm_1/U0/Use_E2.BSCAN_I/Ext_JTAG_UPDATE               | bluetooth_demo_i/microblaze_0/U0/MicroBlaze_Core_I/Performance.Core/Use_Debug_Logic.Master_Core.Debug_Perf/Control_Reg_En                                                                                        |                                                                                                                                                             |                4 |              5 |
|  bluetooth_demo_i/clk_wiz_1/inst/clk_out1                               |                                                                                                                                                                                                                  | bluetooth_demo_i/sensor_fusion_axi_0/inst/sensor_fusion_inst/uacl_wrapper/atan0/iterations                                                                  |                2 |              5 |
|  bluetooth_demo_i/clk_wiz_1/inst/clk_out1                               | bluetooth_demo_i/sensor_fusion_axi_0/inst/sensor_fusion_inst/ugyro_wrapper1/ugyro_interface/gyro_spi_master/DATA[7]_i_1__1_n_0                                                                                   | BTNC_IBUF                                                                                                                                                   |                1 |              5 |
|  bluetooth_demo_i/clk_wiz_1/inst/clk_out1                               | bluetooth_demo_i/sensor_fusion_axi_0/inst/sensor_fusion_inst/ugyro_wrapper1/ugyro_interface/gyro_spi_master/ADDRESS[7]_i_1__0_n_0                                                                                | BTNC_IBUF                                                                                                                                                   |                1 |              5 |
|  bluetooth_demo_i/clk_wiz_1/inst/clk_out1                               |                                                                                                                                                                                                                  | bluetooth_demo_i/sensor_fusion_axi_0/inst/sensor_fusion_inst/uacl_wrapper/atan1/iterations                                                                  |                2 |              5 |
|  bluetooth_demo_i/clk_wiz_1/inst/clk_out1                               | bluetooth_demo_i/microblaze_0/U0/MicroBlaze_Core_I/Performance.Core/Decode_I/wb_Halted                                                                                                                           | bluetooth_demo_i/microblaze_0/U0/MicroBlaze_Core_I/sync_reset                                                                                               |                1 |              5 |
|  bluetooth_demo_i/clk_wiz_1/inst/clk_out1                               | bluetooth_demo_i/sensor_fusion_axi_0/inst/sensor_fusion_inst/ugyro_wrapper0/ugyro_interface/gyro_spi_master/DATA[7]_i_1__0_n_0                                                                                   | BTNC_IBUF                                                                                                                                                   |                2 |              5 |
|  bluetooth_demo_i/clk_wiz_1/inst/clk_out1                               | bluetooth_demo_i/sensor_fusion_axi_0/inst/sensor_fusion_inst/ugyro_wrapper0/ugyro_interface/gyro_spi_master/ADDRESS[7]_i_1_n_0                                                                                   | BTNC_IBUF                                                                                                                                                   |                1 |              5 |
|  bluetooth_demo_i/clk_wiz_1/inst/clk_out1                               | bluetooth_demo_i/sensor_fusion_axi_0/inst/sensor_fusion_inst/uacl_wrapper/uacl_interface/C0/ADDRESS[5]_i_1_n_0                                                                                                   | BTNC_IBUF                                                                                                                                                   |                1 |              5 |
|  bluetooth_demo_i/clk_wiz_1/inst/clk_out1                               |                                                                                                                                                                                                                  | bluetooth_demo_i/rst_clk_wiz_1_100M/U0/EXT_LPF/lpf_int                                                                                                      |                3 |              5 |
|  bluetooth_demo_i/mdm_1/U0/No_Dbg_Reg_Access.BUFG_DRCK/Dbg_Clk_31       | bluetooth_demo_i/mdm_1/U0/Use_E2.BSCAN_I/Use_Serial_Unified_Completion.count_reg[5]_0[0]                                                                                                                         |                                                                                                                                                             |                3 |              6 |
|  bluetooth_demo_i/clk_wiz_1/inst/clk_out1                               | bluetooth_demo_i/rst_clk_wiz_1_100M/U0/SEQ/seq_cnt_en                                                                                                                                                            | bluetooth_demo_i/rst_clk_wiz_1_100M/U0/SEQ/SEQ_COUNTER/clear                                                                                                |                1 |              6 |
|  bluetooth_demo_i/clk_wiz_1/inst/clk_out1                               |                                                                                                                                                                                                                  | bluetooth_demo_i/axi_uartlite_0/U0/UARTLITE_CORE_I/UARTLITE_TX_I/SRL_FIFO_I/I_SRL_FIFO_RBU_F/CNTR_INCR_DECR_ADDN_F_I/SS[0]                                  |                2 |              6 |
|  bluetooth_demo_i/clk_wiz_1/inst/clk_out1                               |                                                                                                                                                                                                                  | bluetooth_demo_i/axi_uartlite_0/U0/UARTLITE_CORE_I/UARTLITE_RX_I/SRL_FIFO_I/I_SRL_FIFO_RBU_F/CNTR_INCR_DECR_ADDN_F_I/SS[0]                                  |                2 |              6 |
|  bluetooth_demo_i/mdm_1/U0/No_Dbg_Reg_Access.BUFG_DRCK/Dbg_Clk_31       | bluetooth_demo_i/mdm_1/U0/Use_E2.BSCAN_I/E[0]                                                                                                                                                                    |                                                                                                                                                             |                1 |              6 |
|  bluetooth_demo_i/clk_wiz_1/inst/clk_out1                               |                                                                                                                                                                                                                  | bluetooth_demo_i/bt_uart/U0/UARTLITE_CORE_I/UARTLITE_RX_I/SRL_FIFO_I/I_SRL_FIFO_RBU_F/CNTR_INCR_DECR_ADDN_F_I/SS[0]                                         |                2 |              6 |
|  bluetooth_demo_i/clk_wiz_1/inst/clk_out1                               |                                                                                                                                                                                                                  | bluetooth_demo_i/bt_uart/U0/UARTLITE_CORE_I/UARTLITE_TX_I/SRL_FIFO_I/I_SRL_FIFO_RBU_F/CNTR_INCR_DECR_ADDN_F_I/SS[0]                                         |                2 |              6 |
|  bluetooth_demo_i/mdm_1/U0/No_Dbg_Reg_Access.BUFG_DRCK/Dbg_Clk_31       | bluetooth_demo_i/mdm_1/U0/MDM_Core_I1/JTAG_CONTROL_I/Use_BSCAN.FDC_I/Use_Serial_Unified_Completion.sample_1_reg[10][0]                                                                                           |                                                                                                                                                             |                1 |              6 |
|  bluetooth_demo_i/clk_wiz_1/inst/clk_out1                               | bluetooth_demo_i/axi_uartlite_0/U0/UARTLITE_CORE_I/BAUD_RATE_I/en_16x_Baud                                                                                                                                       | bluetooth_demo_i/axi_uartlite_0/U0/UARTLITE_CORE_I/UARTLITE_RX_I/SERIAL_TO_PARALLEL[8].fifo_din[8]_i_1_n_0                                                  |                2 |              7 |
|  bluetooth_demo_i/clk_wiz_1/inst/clk_out1                               | bluetooth_demo_i/bt_uart/U0/UARTLITE_CORE_I/BAUD_RATE_I/en_16x_Baud                                                                                                                                              | bluetooth_demo_i/bt_uart/U0/UARTLITE_CORE_I/UARTLITE_RX_I/SERIAL_TO_PARALLEL[8].fifo_din[8]_i_1_n_0                                                         |                2 |              7 |
|  bluetooth_demo_i/mdm_1/U0/Use_E2.BSCAN_I/Ext_JTAG_UPDATE               | bluetooth_demo_i/mdm_1/U0/MDM_Core_I1/JTAG_CONTROL_I/Use_BSCAN.FDC_I/command_1_reg[7]_0[0]                                                                                                                       |                                                                                                                                                             |                2 |              8 |
| ~bluetooth_demo_i/mdm_1/U0/Use_E2.BSCAN_I/Ext_JTAG_UPDATE               | bluetooth_demo_i/mdm_1/U0/MDM_Core_I1/JTAG_CONTROL_I/Use_BSCAN.command[0]_i_1_n_0                                                                                                                                |                                                                                                                                                             |                2 |              8 |
|  bluetooth_demo_i/clk_wiz_1/inst/clk_out1                               | bluetooth_demo_i/sensor_fusion_axi_0/inst/sensor_fusion_inst/ugyro_wrapper0/ugyro_interface/gyro_spi_interface/shift_register[7]_i_1__0_n_0                                                                      | BTNC_IBUF                                                                                                                                                   |                2 |              8 |
|  bluetooth_demo_i/clk_wiz_1/inst/clk_out1                               | bluetooth_demo_i/sensor_fusion_axi_0/inst/sensor_fusion_inst/ugyro_wrapper0/ugyro_interface/gyro_spi_interface/recieved_data[7]_i_1__0_n_0                                                                       | BTNC_IBUF                                                                                                                                                   |                3 |              8 |
|  bluetooth_demo_i/clk_wiz_1/inst/clk_out1                               | bluetooth_demo_i/sensor_fusion_axi_0/inst/sensor_fusion_inst/ugyro_wrapper0/ugyro_interface/gyro_spi_master/send_data[7]_i_1__1_n_0                                                                              | BTNC_IBUF                                                                                                                                                   |                2 |              8 |
|  bluetooth_demo_i/mdm_1/U0/No_Dbg_Reg_Access.BUFG_DRCK/Dbg_Clk_31       | bluetooth_demo_i/mdm_1/U0/MDM_Core_I1/JTAG_CONTROL_I/tdi_shifter0                                                                                                                                                |                                                                                                                                                             |                2 |              8 |
|  bluetooth_demo_i/clk_wiz_1/inst/clk_out1                               | bluetooth_demo_i/sensor_fusion_axi_0/inst/sensor_fusion_inst/ugyro_wrapper0/ugyro_interface/gyro_spi_master/axis_data[15]                                                                                        | BTNC_IBUF                                                                                                                                                   |                3 |              8 |
|  bluetooth_demo_i/mdm_1/U0/No_Dbg_Reg_Access.BUFG_DRCK/Dbg_Clk_31       | bluetooth_demo_i/microblaze_0/U0/MicroBlaze_Core_I/Performance.Core/Use_Debug_Logic.Master_Core.Debug_Perf/Using_PC_Breakpoints.All_PC_Brks[0].Serial_Interface_1.address_hit_I/Compare[0].SRLC16E_I/which_pc__0 |                                                                                                                                                             |                7 |              8 |
|  bluetooth_demo_i/clk_wiz_1/inst/clk_out1                               | bluetooth_demo_i/sensor_fusion_axi_0/inst/sensor_fusion_inst/ugyro_wrapper0/ugyro_interface/gyro_spi_master/axis_data[23]                                                                                        | BTNC_IBUF                                                                                                                                                   |                1 |              8 |
|  bluetooth_demo_i/clk_wiz_1/inst/clk_out1                               | bluetooth_demo_i/sensor_fusion_axi_0/inst/sensor_fusion_inst/ugyro_wrapper0/ugyro_interface/gyro_spi_master/axis_data[31]                                                                                        | BTNC_IBUF                                                                                                                                                   |                3 |              8 |
|  bluetooth_demo_i/clk_wiz_1/inst/clk_out1                               | bluetooth_demo_i/sensor_fusion_axi_0/inst/sensor_fusion_inst/ugyro_wrapper0/ugyro_interface/gyro_spi_master/axis_data[39]                                                                                        | BTNC_IBUF                                                                                                                                                   |                2 |              8 |
|  bluetooth_demo_i/clk_wiz_1/inst/clk_out1                               | bluetooth_demo_i/sensor_fusion_axi_0/inst/sensor_fusion_inst/ugyro_wrapper0/ugyro_interface/gyro_spi_master/axis_data[47]                                                                                        | BTNC_IBUF                                                                                                                                                   |                2 |              8 |
|  bluetooth_demo_i/clk_wiz_1/inst/clk_out1                               | bluetooth_demo_i/sensor_fusion_axi_0/inst/sensor_fusion_inst/ugyro_wrapper1/ugyro_interface/gyro_spi_interface/shift_register[7]_i_1__1_n_0                                                                      | BTNC_IBUF                                                                                                                                                   |                3 |              8 |
|  bluetooth_demo_i/clk_wiz_1/inst/clk_out1                               | bluetooth_demo_i/sensor_fusion_axi_0/inst/sensor_fusion_inst/ugyro_wrapper1/ugyro_interface/gyro_spi_interface/recieved_data[7]_i_1__1_n_0                                                                       | BTNC_IBUF                                                                                                                                                   |                1 |              8 |
|  bluetooth_demo_i/clk_wiz_1/inst/clk_out1                               | bluetooth_demo_i/sensor_fusion_axi_0/inst/sensor_fusion_inst/ugyro_wrapper1/ugyro_interface/gyro_spi_master/send_data[7]_i_1__0_n_0                                                                              | BTNC_IBUF                                                                                                                                                   |                2 |              8 |
|  bluetooth_demo_i/clk_wiz_1/inst/clk_out1                               | bluetooth_demo_i/sensor_fusion_axi_0/inst/sensor_fusion_inst/ugyro_wrapper1/ugyro_interface/gyro_spi_master/axis_data[7]                                                                                         | BTNC_IBUF                                                                                                                                                   |                1 |              8 |
|  bluetooth_demo_i/clk_wiz_1/inst/clk_out1                               | bluetooth_demo_i/sensor_fusion_axi_0/inst/sensor_fusion_inst/ugyro_wrapper1/ugyro_interface/gyro_spi_master/axis_data[15]                                                                                        | BTNC_IBUF                                                                                                                                                   |                1 |              8 |
|  bluetooth_demo_i/clk_wiz_1/inst/clk_out1                               | bluetooth_demo_i/axi_uartlite_0/U0/AXI_LITE_IPIF_I/I_SLAVE_ATTACHMENT/s_axi_rresp_i                                                                                                                              | bluetooth_demo_i/axi_uartlite_0/U0/AXI_LITE_IPIF_I/I_SLAVE_ATTACHMENT/rst                                                                                   |                2 |              8 |
|  bluetooth_demo_i/clk_wiz_1/inst/clk_out1                               | bluetooth_demo_i/axi_uartlite_0/U0/AXI_LITE_IPIF_I/I_SLAVE_ATTACHMENT/I_DECODER/fifo_wr                                                                                                                          |                                                                                                                                                             |                1 |              8 |
|  bluetooth_demo_i/clk_wiz_1/inst/clk_out1                               | bluetooth_demo_i/axi_uartlite_0/U0/UARTLITE_CORE_I/UARTLITE_RX_I/SRL_FIFO_I/I_SRL_FIFO_RBU_F/DYNSHREG_F_I/fifo_wr                                                                                                |                                                                                                                                                             |                1 |              8 |
|  bluetooth_demo_i/clk_wiz_1/inst/clk_out1                               | bluetooth_demo_i/bt_uart/U0/UARTLITE_CORE_I/UARTLITE_RX_I/SRL_FIFO_I/I_SRL_FIFO_RBU_F/DYNSHREG_F_I/fifo_wr                                                                                                       |                                                                                                                                                             |                1 |              8 |
|  bluetooth_demo_i/clk_wiz_1/inst/clk_out1                               | bluetooth_demo_i/bt_uart/U0/AXI_LITE_IPIF_I/I_SLAVE_ATTACHMENT/s_axi_rresp_i                                                                                                                                     | bluetooth_demo_i/bt_uart/U0/AXI_LITE_IPIF_I/I_SLAVE_ATTACHMENT/rst                                                                                          |                5 |              8 |
|  bluetooth_demo_i/clk_wiz_1/inst/clk_out1                               | bluetooth_demo_i/bt_uart/U0/AXI_LITE_IPIF_I/I_SLAVE_ATTACHMENT/I_DECODER/fifo_wr                                                                                                                                 |                                                                                                                                                             |                1 |              8 |
|  bluetooth_demo_i/clk_wiz_1/inst/clk_out1                               | bluetooth_demo_i/sensor_fusion_axi_0/inst/sensor_fusion_inst/uacl_wrapper/atan0/inc                                                                                                                              | bluetooth_demo_i/sensor_fusion_axi_0/inst/sensor_fusion_inst/uacl_wrapper/atan0/iterations                                                                  |                3 |              8 |
|  bluetooth_demo_i/clk_wiz_1/inst/clk_out1                               | bluetooth_demo_i/sensor_fusion_axi_0/inst/sensor_fusion_inst/ugyro_wrapper0/ugyro_interface/gyro_spi_master/axis_data[7]                                                                                         | BTNC_IBUF                                                                                                                                                   |                1 |              8 |
|  bluetooth_demo_i/clk_wiz_1/inst/clk_out1                               | bluetooth_demo_i/microblaze_0_axi_intc/U0/AXI_LITE_IPIF_I/I_SLAVE_ATTACHMENT/bus2ip_addr_i[8]_i_1_n_0                                                                                                            | bluetooth_demo_i/microblaze_0_axi_intc/U0/AXI_LITE_IPIF_I/I_SLAVE_ATTACHMENT/rst                                                                            |                2 |              8 |
|  bluetooth_demo_i/clk_wiz_1/inst/clk_out1                               | bluetooth_demo_i/sensor_fusion_axi_0/inst/sensor_fusion_inst/uacl_wrapper/atan1/inc                                                                                                                              | bluetooth_demo_i/sensor_fusion_axi_0/inst/sensor_fusion_inst/uacl_wrapper/atan1/iterations                                                                  |                3 |              8 |
|  bluetooth_demo_i/clk_wiz_1/inst/clk_out1                               | bluetooth_demo_i/sensor_fusion_axi_0/inst/sensor_fusion_inst/uacl_wrapper/uacl_interface/C0/DATA[7]_i_1_n_0                                                                                                      | BTNC_IBUF                                                                                                                                                   |                1 |              8 |
|  bluetooth_demo_i/clk_wiz_1/inst/clk_out1                               | bluetooth_demo_i/sensor_fusion_axi_0/inst/sensor_fusion_inst/uacl_wrapper/uacl_interface/C0/send_data[7]_i_1_n_0                                                                                                 | BTNC_IBUF                                                                                                                                                   |                2 |              8 |
|  bluetooth_demo_i/clk_wiz_1/inst/clk_out1                               | bluetooth_demo_i/sensor_fusion_axi_0/inst/sensor_fusion_inst/uacl_wrapper/uacl_interface/C1/recieved_data[7]_i_1_n_0                                                                                             | BTNC_IBUF                                                                                                                                                   |                2 |              8 |
|  bluetooth_demo_i/clk_wiz_1/inst/clk_out1                               | bluetooth_demo_i/sensor_fusion_axi_0/inst/sensor_fusion_inst/uacl_wrapper/uacl_interface/C0/axis_data[7]                                                                                                         | BTNC_IBUF                                                                                                                                                   |                4 |              8 |
|  bluetooth_demo_i/clk_wiz_1/inst/clk_out1                               | bluetooth_demo_i/sensor_fusion_axi_0/inst/sensor_fusion_inst/uacl_wrapper/uacl_interface/C0/axis_data[15]                                                                                                        | BTNC_IBUF                                                                                                                                                   |                2 |              8 |
|  bluetooth_demo_i/clk_wiz_1/inst/clk_out1                               | bluetooth_demo_i/sensor_fusion_axi_0/inst/sensor_fusion_inst/uacl_wrapper/uacl_interface/C0/axis_data[23]                                                                                                        | BTNC_IBUF                                                                                                                                                   |                3 |              8 |
|  bluetooth_demo_i/clk_wiz_1/inst/clk_out1                               | bluetooth_demo_i/sensor_fusion_axi_0/inst/sensor_fusion_inst/uacl_wrapper/uacl_interface/C0/axis_data[31]                                                                                                        | BTNC_IBUF                                                                                                                                                   |                3 |              8 |
|  bluetooth_demo_i/clk_wiz_1/inst/clk_out1                               | bluetooth_demo_i/sensor_fusion_axi_0/inst/sensor_fusion_inst/uacl_wrapper/uacl_interface/C0/axis_data[39]                                                                                                        | BTNC_IBUF                                                                                                                                                   |                4 |              8 |
|  bluetooth_demo_i/clk_wiz_1/inst/clk_out1                               | bluetooth_demo_i/sensor_fusion_axi_0/inst/sensor_fusion_inst/uacl_wrapper/uacl_interface/C0/axis_data[47]                                                                                                        | BTNC_IBUF                                                                                                                                                   |                2 |              8 |
|  bluetooth_demo_i/clk_wiz_1/inst/clk_out1                               | bluetooth_demo_i/sensor_fusion_axi_0/inst/sensor_fusion_inst/uacl_wrapper/uacl_interface/C1/shift_register[7]_i_1_n_0                                                                                            | BTNC_IBUF                                                                                                                                                   |                3 |              8 |
|  bluetooth_demo_i/mdm_1/U0/No_Dbg_Reg_Access.BUFG_DRCK/Dbg_Clk_31       | bluetooth_demo_i/mdm_1/U0/MDM_Core_I1/JTAG_CONTROL_I/Use_BSCAN.FDC_I/E[0]                                                                                                                                        |                                                                                                                                                             |                4 |             10 |
|  bluetooth_demo_i/clk_wiz_1/inst/clk_out1                               |                                                                                                                                                                                                                  | bluetooth_demo_i/axi_uartlite_0/U0/AXI_LITE_IPIF_I/I_SLAVE_ATTACHMENT/rst                                                                                   |                4 |             10 |
|  bluetooth_demo_i/clk_wiz_1/inst/clk_out1                               |                                                                                                                                                                                                                  | bluetooth_demo_i/bt_uart/U0/AXI_LITE_IPIF_I/I_SLAVE_ATTACHMENT/rst                                                                                          |                3 |             10 |
|  bluetooth_demo_i/clk_wiz_1/inst/clk_out1                               |                                                                                                                                                                                                                  | bluetooth_demo_i/microblaze_0_axi_intc/U0/AXI_LITE_IPIF_I/I_SLAVE_ATTACHMENT/rst                                                                            |                4 |             11 |
|  bluetooth_demo_i/clk_wiz_1/inst/clk_out1                               |                                                                                                                                                                                                                  | bluetooth_demo_i/microblaze_0_axi_periph/xbar/inst/gen_sasd.crossbar_sasd_0/addr_arbiter_inst/SR[0]                                                         |                6 |             13 |
|  bluetooth_demo_i/clk_wiz_1/inst/clk_out1                               |                                                                                                                                                                                                                  | bluetooth_demo_i/sensor_fusion_axi_0/inst/sensor_fusion_inst/uacl_wrapper/uacl_interface/C1/spi_clk_count[11]_i_1_n_0                                       |                4 |             14 |
|  bluetooth_demo_i/clk_wiz_1/inst/clk_out1                               |                                                                                                                                                                                                                  | bluetooth_demo_i/sensor_fusion_axi_0/inst/sensor_fusion_inst/ugyro_wrapper0/ugyro_interface/gyro_spi_interface/sclk_previous0                               |                5 |             14 |
|  bluetooth_demo_i/clk_wiz_1/inst/clk_out1                               |                                                                                                                                                                                                                  | bluetooth_demo_i/sensor_fusion_axi_0/inst/sensor_fusion_inst/ugyro_wrapper1/ugyro_interface/gyro_spi_interface/sclk_previous0                               |                3 |             14 |
|  bluetooth_demo_i/clk_wiz_1/inst/clk_out1                               |                                                                                                                                                                                                                  | bluetooth_demo_i/sensor_fusion_axi_0/inst/sensor_fusion_axi_v1_0_S00_AXI_inst/axi_awready_i_1__0_n_0                                                        |                6 |             15 |
|  bluetooth_demo_i/clk_wiz_1/inst/clk_out1                               | bluetooth_demo_i/sensor_fusion_axi_0/inst/sensor_fusion_inst/ugyro_wrapper1/ugyro_interface/gyro_spi_master/x_axis[14]_i_1__1_n_0                                                                                | BTNC_IBUF                                                                                                                                                   |                3 |             16 |
|  bluetooth_demo_i/clk_wiz_1/inst/clk_out1                               | bluetooth_demo_i/sensor_fusion_axi_0/inst/sensor_fusion_axi_v1_0_S00_AXI_inst/slv_reg_rden__0                                                                                                                    | bluetooth_demo_i/sensor_fusion_axi_0/inst/sensor_fusion_axi_v1_0_S00_AXI_inst/axi_awready_i_1__0_n_0                                                        |               15 |             16 |
|  bluetooth_demo_i/clk_wiz_1/inst/clk_out1                               |                                                                                                                                                                                                                  | bluetooth_demo_i/sensor_fusion_axi_0/inst/sensor_fusion_axi_v1_0_S_AXI_INTR_inst/reg_data_out0                                                              |                8 |             16 |
|  bluetooth_demo_i/clk_wiz_1/inst/clk_out1                               | bluetooth_demo_i/microblaze_0/U0/MicroBlaze_Core_I/Performance.Core/Decode_I/PreFetch_Buffer_I1/Instruction_Prefetch_Mux[4].Gen_Instr_DFF/E[0]                                                                   | bluetooth_demo_i/microblaze_0/U0/MicroBlaze_Core_I/sync_reset                                                                                               |                6 |             16 |
|  bluetooth_demo_i/clk_wiz_1/inst/clk_out1                               | bluetooth_demo_i/sensor_fusion_axi_0/inst/sensor_fusion_inst/uacl_wrapper/atan1/out[2]                                                                                                                           | BTNC_IBUF                                                                                                                                                   |                5 |             16 |
|  bluetooth_demo_i/clk_wiz_1/inst/clk_out1                               | bluetooth_demo_i/sensor_fusion_axi_0/inst/sensor_fusion_inst/uacl_wrapper/atan0/out[2]                                                                                                                           | BTNC_IBUF                                                                                                                                                   |                3 |             16 |
|  bluetooth_demo_i/clk_wiz_1/inst/clk_out1                               | bluetooth_demo_i/microblaze_0_axi_intc/U0/AXI_LITE_IPIF_I/I_SLAVE_ATTACHMENT/start2                                                                                                                              | bluetooth_demo_i/microblaze_0_axi_intc/U0/AXI_LITE_IPIF_I/I_SLAVE_ATTACHMENT/I_DECODER/cs_ce_clr                                                            |                4 |             17 |
|  bluetooth_demo_i/clk_wiz_1/inst/clk_out1                               | bluetooth_demo_i/microblaze_0/U0/MicroBlaze_Core_I/Performance.Core/mem_databus_ready_sel_carry_or/MUXCY_I/lopt_4                                                                                                | bluetooth_demo_i/microblaze_0/U0/MicroBlaze_Core_I/sync_reset                                                                                               |                7 |             21 |
|  bluetooth_demo_i/mdm_1/U0/No_Dbg_Reg_Access.BUFG_DRCK/Dbg_Clk_31       |                                                                                                                                                                                                                  | bluetooth_demo_i/mdm_1/U0/Use_E2.BSCAN_I/shift_n_reset                                                                                                      |                5 |             23 |
|  bluetooth_demo_i/clk_wiz_1/inst/clk_out1                               | bluetooth_demo_i/microblaze_0_axi_periph/xbar/inst/gen_sasd.crossbar_sasd_0/addr_arbiter_inst/p_0_in1_in                                                                                                         | bluetooth_demo_i/microblaze_0_axi_periph/xbar/inst/gen_sasd.crossbar_sasd_0/addr_arbiter_inst/SR[0]                                                         |                4 |             23 |
|  bluetooth_demo_i/clk_wiz_1/inst/clk_out1                               |                                                                                                                                                                                                                  | bluetooth_demo_i/axi_uartlite_0/U0/UARTLITE_CORE_I/UARTLITE_RX_I/SR[0]                                                                                      |               10 |             27 |
|  bluetooth_demo_i/clk_wiz_1/inst/clk_out1                               |                                                                                                                                                                                                                  | bluetooth_demo_i/bt_uart/U0/UARTLITE_CORE_I/UARTLITE_RX_I/SR[0]                                                                                             |                8 |             27 |
|  bluetooth_demo_i/clk_wiz_1/inst/clk_out1                               | bluetooth_demo_i/axi_uartlite_0/U0/UARTLITE_CORE_I/BAUD_RATE_I/en_16x_Baud                                                                                                                                       | bluetooth_demo_i/axi_uartlite_0/U0/UARTLITE_CORE_I/UARTLITE_RX_I/SR[0]                                                                                      |                7 |             28 |
|  bluetooth_demo_i/clk_wiz_1/inst/clk_out1                               | bluetooth_demo_i/bt_uart/U0/UARTLITE_CORE_I/BAUD_RATE_I/en_16x_Baud                                                                                                                                              | bluetooth_demo_i/bt_uart/U0/UARTLITE_CORE_I/UARTLITE_RX_I/SR[0]                                                                                             |                5 |             28 |
|  bluetooth_demo_i/clk_wiz_1/inst/clk_out1                               |                                                                                                                                                                                                                  | bluetooth_demo_i/microblaze_0_axi_intc/U0/INTC_CORE_I/SR[0]                                                                                                 |                9 |             30 |
|  bluetooth_demo_i/mdm_1/U0/No_Dbg_Reg_Access.BUFG_DRCK/Dbg_Clk_31       | bluetooth_demo_i/microblaze_0/U0/MicroBlaze_Core_I/Performance.Core/Use_Debug_Logic.Master_Core.Debug_Perf/New_Dbg_Instr_TCK                                                                                     |                                                                                                                                                             |               12 |             32 |
|  bluetooth_demo_i/clk_wiz_1/inst/clk_out1                               | bluetooth_demo_i/sensor_fusion_axi_0/inst/sensor_fusion_inst/uacl_wrapper/atan1/y[31]_i_1__0_n_0                                                                                                                 | BTNC_IBUF                                                                                                                                                   |               18 |             32 |
|  bluetooth_demo_i/clk_wiz_1/inst/clk_out1                               | bluetooth_demo_i/sensor_fusion_axi_0/inst/sensor_fusion_inst/uacl_wrapper/atan1/x[31]_i_1__0_n_0                                                                                                                 | BTNC_IBUF                                                                                                                                                   |               10 |             32 |
|  bluetooth_demo_i/clk_wiz_1/inst/clk_out1                               | bluetooth_demo_i/microblaze_0/U0/MicroBlaze_Core_I/Performance.Core/Decode_I/Use_MuxCy[2].OF_Piperun_Stage/MUXCY_I/lopt_1                                                                                        | bluetooth_demo_i/microblaze_0/U0/MicroBlaze_Core_I/Performance.Core/Decode_I/R                                                                              |                6 |             32 |
|  bluetooth_demo_i/clk_wiz_1/inst/clk_out1                               | bluetooth_demo_i/sensor_fusion_axi_0/inst/sensor_fusion_inst/ucomplementary_filter/uyaw_filter/product1_0_reg[0][0]                                                                                              |                                                                                                                                                             |                7 |             32 |
|  bluetooth_demo_i/clk_wiz_1/inst/clk_out1                               | bluetooth_demo_i/microblaze_0/U0/MicroBlaze_Core_I/Performance.Core/Decode_I/Use_MuxCy[3].OF_Piperun_Stage/MUXCY_I/E[0]                                                                                          | bluetooth_demo_i/microblaze_0/U0/MicroBlaze_Core_I/sync_reset                                                                                               |                5 |             32 |
|  bluetooth_demo_i/clk_wiz_1/inst/clk_out1                               | bluetooth_demo_i/sensor_fusion_axi_0/inst/sensor_fusion_inst/uacl_wrapper/sqrt1/y                                                                                                                                | bluetooth_demo_i/sensor_fusion_axi_0/inst/sensor_fusion_inst/uacl_wrapper/sqrt1/base[30]_i_1__0_n_0                                                         |               10 |             32 |
|  bluetooth_demo_i/clk_wiz_1/inst/clk_out1                               | bluetooth_demo_i/sensor_fusion_axi_0/inst/sensor_fusion_inst/ucomplementary_filter/roll_filter/acl_axis_norm_reg[0]_0[0]                                                                                         |                                                                                                                                                             |               11 |             32 |
|  bluetooth_demo_i/clk_wiz_1/inst/clk_out1                               | bluetooth_demo_i/sensor_fusion_axi_0/inst/sensor_fusion_inst/uacl_wrapper/sqrt0/out[3]                                                                                                                           | BTNC_IBUF                                                                                                                                                   |                9 |             32 |
|  bluetooth_demo_i/clk_wiz_1/inst/clk_out1                               | bluetooth_demo_i/microblaze_0/U0/MicroBlaze_Core_I/Performance.Core/Use_Debug_Logic.Master_Core.Debug_Perf/data_rd_reg[0]_i_1_n_0                                                                                | bluetooth_demo_i/microblaze_0/U0/MicroBlaze_Core_I/sync_reset                                                                                               |                9 |             32 |
|  bluetooth_demo_i/clk_wiz_1/inst/clk_out1                               | bluetooth_demo_i/microblaze_0_axi_intc/U0/AXI_LITE_IPIF_I/I_SLAVE_ATTACHMENT/s_axi_rresp_i                                                                                                                       | bluetooth_demo_i/microblaze_0_axi_intc/U0/AXI_LITE_IPIF_I/I_SLAVE_ATTACHMENT/rst                                                                            |                8 |             32 |
|  bluetooth_demo_i/clk_wiz_1/inst/clk_out1                               | bluetooth_demo_i/sensor_fusion_axi_0/inst/sensor_fusion_inst/uacl_wrapper/sqrt1/out[3]                                                                                                                           | BTNC_IBUF                                                                                                                                                   |                7 |             32 |
|  bluetooth_demo_i/clk_wiz_1/inst/clk_out1                               |                                                                                                                                                                                                                  | bluetooth_demo_i/microblaze_0/U0/MicroBlaze_Core_I/Performance.Core/p_1_out                                                                                 |               13 |             32 |
|  bluetooth_demo_i/clk_wiz_1/inst/clk_out1                               | bluetooth_demo_i/microblaze_0/U0/MicroBlaze_Core_I/Performance.Core/Decode_I/PreFetch_Buffer_I1/Gen_Mux_Select_LUT6[2].Gen_Sel_DFF/if_pc_reg[0][0]                                                               | bluetooth_demo_i/microblaze_0/U0/MicroBlaze_Core_I/sync_reset                                                                                               |               10 |             32 |
|  bluetooth_demo_i/clk_wiz_1/inst/clk_out1                               | bluetooth_demo_i/sensor_fusion_axi_0/inst/sensor_fusion_inst/uacl_wrapper/atan0/angle_acc[31]_i_2_n_0                                                                                                            | bluetooth_demo_i/sensor_fusion_axi_0/inst/sensor_fusion_inst/uacl_wrapper/atan0/angle_acc[31]_i_1_n_0                                                       |                8 |             32 |
|  bluetooth_demo_i/clk_wiz_1/inst/clk_out1                               | bluetooth_demo_i/sensor_fusion_axi_0/inst/sensor_fusion_inst/uacl_wrapper/sqrt0/y                                                                                                                                | bluetooth_demo_i/sensor_fusion_axi_0/inst/sensor_fusion_inst/uacl_wrapper/sqrt0/base[30]_i_1_n_0                                                            |               11 |             32 |
|  bluetooth_demo_i/clk_wiz_1/inst/clk_out1                               | bluetooth_demo_i/sensor_fusion_axi_0/inst/sensor_fusion_inst/uacl_wrapper/atan0/y[31]_i_1_n_0                                                                                                                    | BTNC_IBUF                                                                                                                                                   |               11 |             32 |
|  bluetooth_demo_i/clk_wiz_1/inst/clk_out1                               | bluetooth_demo_i/sensor_fusion_axi_0/inst/sensor_fusion_inst/ucomplementary_filter/uyaw_filter/product1_1_reg[0][0]                                                                                              |                                                                                                                                                             |                9 |             32 |
|  bluetooth_demo_i/clk_wiz_1/inst/clk_out1                               | bluetooth_demo_i/sensor_fusion_axi_0/inst/sensor_fusion_inst/uacl_wrapper/atan0/x[31]_i_1_n_0                                                                                                                    | BTNC_IBUF                                                                                                                                                   |               13 |             32 |
|  bluetooth_demo_i/clk_wiz_1/inst/clk_out1                               | bluetooth_demo_i/sensor_fusion_axi_0/inst/sensor_fusion_inst/uacl_wrapper/atan1/angle_acc[31]_i_2__0_n_0                                                                                                         | bluetooth_demo_i/sensor_fusion_axi_0/inst/sensor_fusion_inst/uacl_wrapper/atan1/angle_acc[31]_i_1__0_n_0                                                    |                8 |             32 |
|  bluetooth_demo_i/clk_wiz_1/inst/clk_out1                               | bluetooth_demo_i/microblaze_0/U0/MicroBlaze_Core_I/Performance.Core/mem_databus_ready_sel_carry_or/MUXCY_I/lopt_4                                                                                                | bluetooth_demo_i/microblaze_0/U0/MicroBlaze_Core_I/Performance.Core/Decode_I/SR[0]                                                                          |                9 |             32 |
|  bluetooth_demo_i/clk_wiz_1/inst/clk_out1                               | bluetooth_demo_i/microblaze_0_axi_periph/xbar/inst/gen_sasd.crossbar_sasd_0/addr_arbiter_inst/s_axi_rvalid[0]                                                                                                    | bluetooth_demo_i/microblaze_0/U0/MicroBlaze_Core_I/sync_reset                                                                                               |               10 |             32 |
|  bluetooth_demo_i/clk_wiz_1/inst/clk_out1                               | bluetooth_demo_i/microblaze_0_axi_intc/U0/INTC_CORE_I/irq                                                                                                                                                        |                                                                                                                                                             |                8 |             32 |
|  bluetooth_demo_i/clk_wiz_1/inst/clk_out1                               | bluetooth_demo_i/microblaze_0_axi_periph/xbar/inst/gen_sasd.crossbar_sasd_0/reg_slice_r/aa_rready                                                                                                                |                                                                                                                                                             |               10 |             33 |
|  bluetooth_demo_i/clk_wiz_1/inst/clk_out1                               | bluetooth_demo_i/microblaze_0_axi_periph/xbar/inst/gen_sasd.crossbar_sasd_0/addr_arbiter_inst/E[0]                                                                                                               |                                                                                                                                                             |                9 |             33 |
|  bluetooth_demo_i/clk_wiz_1/inst/clk_out1                               | bluetooth_demo_i/microblaze_0/U0/MicroBlaze_Core_I/Performance.Core/mem_databus_ready_sel_carry_or/MUXCY_I/lopt_4                                                                                                |                                                                                                                                                             |                6 |             34 |
|  bluetooth_demo_i/clk_wiz_1/inst/clk_out1                               | bluetooth_demo_i/sensor_fusion_axi_0/inst/sensor_fusion_inst/uacl_wrapper/sqrt0/E[0]                                                                                                                             | bluetooth_demo_i/sensor_fusion_axi_0/inst/sensor_fusion_inst/uacl_wrapper/sqrt0/base[30]_i_1_n_0                                                            |               13 |             37 |
|  bluetooth_demo_i/clk_wiz_1/inst/clk_out1                               | bluetooth_demo_i/sensor_fusion_axi_0/inst/sensor_fusion_inst/uacl_wrapper/sqrt1/E[0]                                                                                                                             | bluetooth_demo_i/sensor_fusion_axi_0/inst/sensor_fusion_inst/uacl_wrapper/sqrt1/base[30]_i_1__0_n_0                                                         |               12 |             37 |
|  bluetooth_demo_i/mdm_1/U0/No_Dbg_Reg_Access.BUFG_DRCK/Dbg_Clk_31       | bluetooth_demo_i/mdm_1/U0/Use_E2.BSCAN_I/Dbg_Capture_0                                                                                                                                                           |                                                                                                                                                             |               14 |             47 |
|  bluetooth_demo_i/clk_wiz_1/inst/clk_out1                               | bluetooth_demo_i/sensor_fusion_axi_0/inst/sensor_fusion_inst/uacl_wrapper/uacl_interface/C0/z_axis[0]_i_1_n_0                                                                                                    | BTNC_IBUF                                                                                                                                                   |               15 |             48 |
|  bluetooth_demo_i/clk_wiz_1/inst/clk_out1                               | bluetooth_demo_i/sensor_fusion_axi_0/inst/sensor_fusion_inst/ugyro_wrapper0/ugyro_interface/gyro_spi_master/x_axis[14]_i_1__0_n_0                                                                                | BTNC_IBUF                                                                                                                                                   |                6 |             48 |
|  bluetooth_demo_i/clk_wiz_1/inst/clk_out1                               | bluetooth_demo_i/microblaze_0_axi_intc/U0/AXI_LITE_IPIF_I/I_SLAVE_ATTACHMENT/I_DECODER/bus2ip_wrce[0]                                                                                                            |                                                                                                                                                             |                8 |             64 |
|  bluetooth_demo_i/clk_wiz_1/inst/clk_out1                               | bluetooth_demo_i/sensor_fusion_axi_0/inst/sensor_fusion_inst/ucomplementary_filter/pitch_filter/E[0]                                                                                                             | BTNC_IBUF                                                                                                                                                   |               20 |             70 |
|  bluetooth_demo_i/clk_wiz_1/inst/clk_out1                               |                                                                                                                                                                                                                  | BTNC_IBUF                                                                                                                                                   |               43 |             74 |
|  bluetooth_demo_i/clk_wiz_1/inst/clk_out1                               | bluetooth_demo_i/microblaze_0/U0/MicroBlaze_Core_I/Performance.Core/Decode_I/PreFetch_Buffer_I1/Instruction_Prefetch_Mux[42].Instr_Mux_MUXF7/Using_FPGA.Native_0                                                 |                                                                                                                                                             |               10 |             75 |
|  bluetooth_demo_i/mdm_1/U0/No_Dbg_Reg_Access.BUFG_DRCK/Dbg_Clk_31       |                                                                                                                                                                                                                  |                                                                                                                                                             |               32 |             80 |
|  bluetooth_demo_i/clk_wiz_1/inst/clk_out1                               | bluetooth_demo_i/microblaze_0/U0/MicroBlaze_Core_I/Performance.Core/Decode_I/Use_MuxCy[2].OF_Piperun_Stage/MUXCY_I/lopt_1                                                                                        | bluetooth_demo_i/microblaze_0/U0/MicroBlaze_Core_I/sync_reset                                                                                               |               24 |             81 |
|  bluetooth_demo_i/clk_wiz_1/inst/clk_out1                               | bluetooth_demo_i/sensor_fusion_axi_0/inst/sensor_fusion_inst/ucomplementary_filter/uyaw_filter/product0_reg[4][0]                                                                                                |                                                                                                                                                             |               27 |            102 |
|  bluetooth_demo_i/clk_wiz_1/inst/clk_out1                               | bluetooth_demo_i/microblaze_0/U0/MicroBlaze_Core_I/Performance.Core/Decode_I/mb_halted_1_reg[24]                                                                                                                 |                                                                                                                                                             |               16 |            128 |
|  bluetooth_demo_i/clk_wiz_1/inst/clk_out1                               |                                                                                                                                                                                                                  | bluetooth_demo_i/microblaze_0/U0/MicroBlaze_Core_I/sync_reset                                                                                               |               63 |            155 |
|  bluetooth_demo_i/clk_wiz_1/inst/clk_out1                               | bluetooth_demo_i/microblaze_0/U0/MicroBlaze_Core_I/Performance.Core/Decode_I/Use_MuxCy[10].OF_Piperun_Stage/MUXCY_I/lopt_1                                                                                       | bluetooth_demo_i/microblaze_0/U0/MicroBlaze_Core_I/sync_reset                                                                                               |               73 |            221 |
|  bluetooth_demo_i/clk_wiz_1/inst/clk_out1                               |                                                                                                                                                                                                                  |                                                                                                                                                             |               81 |            238 |
+-------------------------------------------------------------------------+------------------------------------------------------------------------------------------------------------------------------------------------------------------------------------------------------------------+-------------------------------------------------------------------------------------------------------------------------------------------------------------+------------------+----------------+


